// Jest Snapshot v1, https://goo.gl/fbAQLP

exports[`YoutubeVideo renders 1`] = `
<div
  style={
    Object {
      "height": 0,
      "maxWidth": "100%",
      "overflow": "hidden",
      "paddingBottom": "56.25%",
      "position": "relative",
    }
  }
>
  <iframe
    allow="autoplay; encrypted-media"
    allowFullScreen={true}
    frameBorder="0"
    src="https://www.youtube.com/embed/tMgkt9jdjTU"
    style={
      Object {
        "bottom": 0,
        "height": "100%",
        "left": 0,
        "position": "absolute",
        "right": 0,
        "top": 0,
        "width": "100%",
      }
    }
    title="Test"
  />
</div>
`;
